{"logTime": "0227/184616", "correlationVector":"L9QJpzp5FdH+MJS5aFTYlE.1","action":"SyncServerConnectionManagerRequest", "result":"SYNC_SERVER_OK", "context":{"environment":"Prod_southindia_prod-s01-004-apac-southindia", "migrationStage":"NotStarted", "server":"akswtt10200002u"}}
{"logTime": "0227/184616", "correlationVector":"L9QJpzp5FdH+MJS5aFTYlE.2","action":"ProcessGetUpdates", "result":"Done", "context":{"dataType":"Encryption Keys", "deleted":"0", "process_failed_to_decrypt":"0", "process_pending_decryption":"0", "process_success":"1", "total":"1"}}
{"logTime": "0227/184617", "correlationVector":"CsD4FKcwFNWGHsUza7pBdQ","action":"SyncServerConnectionManagerRequest", "result":"SYNC_SERVER_OK", "context":{"environment":"", "migrationStage":"", "server":""}}
{"logTime": "0227/184617", "correlationVector":"CsD4FKcwFNWGHsUza7pBdQ.0","action":"EncryptionKeysFetcher.DownloadKeys:", "result":"Success", "context":Key count: 2, Last key timestamp: 2026-01-03T14:28:30Z}
{"logTime": "0227/184617", "correlationVector":"CsD4FKcwFNWGHsUza7pBdQ.1","action":"EncryptionKeysManager::SetEncryptionKeys:", "result":"Success", "context":Key names[2]:[FZgM6vp4JWXZeETHdi1lWehvGYfrior9LZafO5Xc5OgypXK4Ch4cMFjoCd7nxGwLVJ7ecapnGZ76yij+RYaneg==][XZ5Ncr8Icglh1zBMcE4F0w3hqM7SkROPyRzszWv3a9UfIb0UQiBnPz9fqEA7Irgraj4aPlaQpz3ZgBt6rhRFsA==]}
{"logTime": "0227/184617", "correlationVector":"CsD4FKcwFNWGHsUza7pBdQ.2","action":"EncryptionKeysManager::SetEncryptionKeysWithTimestamps:", "result":"Success", "context":Key timestamps[2]:[2025-07-06T17:24:48Z][2026-01-03T14:28:30Z]}
{"logTime": "0227/184617", "correlationVector":"L9QJpzp5FdH+MJS5aFTYlE","action":"Initial GetUpdates", "result":"", "context":Reason: NEW_CLIENT. cV=L9QJpzp5FdH+MJS5aFTYlE}
{"logTime": "0227/184617", "correlationVector":"L9QJpzp5FdH+MJS5aFTYlE.3","action":"GetUpdates Response", "result":"Success", "context":Received 1 update(s). cV=L9QJpzp5FdH+MJS5aFTYlE.0;server=akswtt10200002u;cloudType=Consumer;environment=Prod_southindia_prod-s01-004-apac-southindia;migrationStage=NotStarted}
{"logTime": "0227/184617", "correlationVector":"xK47+r8k78ThHHeqWcs2sX","action":"Initial GetUpdates", "result":"", "context":Reason: NEWLY_SUPPORTED_DATATYPE. cV=xK47+r8k78ThHHeqWcs2sX}
{"logTime": "0227/184617", "correlationVector":"xK47+r8k78ThHHeqWcs2sX.1","action":"SyncServerConnectionManagerRequest", "result":"SYNC_SERVER_OK", "context":{"environment":"Prod_southindia_prod-s01-004-apac-southindia", "migrationStage":"NotStarted", "server":"akswtt10200003r"}}
{"logTime": "0227/184617", "correlationVector":"xK47+r8k78ThHHeqWcs2sX.2","action":"ProcessGetUpdates", "result":"Done", "context":{"dataType":"Preferences", "deleted":"0", "process_failed_to_decrypt":"0", "process_pending_decryption":"0", "process_success":"56", "total":"56"}}
{"logTime": "0227/184617", "correlationVector":"xK47+r8k78ThHHeqWcs2sX.3","action":"ProcessGetUpdates", "result":"Done", "context":{"dataType":"Passwords", "deleted":"1", "process_failed_to_decrypt":"0", "process_pending_decryption":"0", "process_success":"14", "total":"14"}}
{"logTime": "0227/184617", "correlationVector":"xK47+r8k78ThHHeqWcs2sX.4","action":"ProcessGetUpdates", "result":"Done", "context":{"dataType":"Device Info", "deleted":"0", "process_failed_to_decrypt":"0", "process_pending_decryption":"0", "process_success":"3", "total":"3"}}
{"logTime": "0227/184617", "correlationVector":"xK47+r8k78ThHHeqWcs2sX.5","action":"GetUpdates Response", "result":"Success", "context":Received 73 update(s). cV=xK47+r8k78ThHHeqWcs2sX.0;server=akswtt10200003r;cloudType=Consumer;environment=Prod_southindia_prod-s01-004-apac-southindia;migrationStage=NotStarted}
{"logTime": "0227/184617", "correlationVector":"kNBTbZ/RwaBxOx0oFzr42S","action":"Initial GetUpdates", "result":"", "context":Reason: NEWLY_SUPPORTED_DATATYPE. cV=kNBTbZ/RwaBxOx0oFzr42S}
{"logTime": "0227/184618", "correlationVector":"kNBTbZ/RwaBxOx0oFzr42S.1","action":"SyncServerConnectionManagerRequest", "result":"SYNC_SERVER_OK", "context":{"environment":"Prod_southindia_prod-s01-004-apac-southindia", "migrationStage":"NotStarted", "server":"akswtt10200002f"}}
{"logTime": "0227/184618", "correlationVector":"kNBTbZ/RwaBxOx0oFzr42S.2","action":"ProcessGetUpdates", "result":"Done", "context":{"dataType":"Bookmarks", "deleted":"0", "process_failed_to_decrypt":"0", "process_pending_decryption":"0", "process_success":"8", "total":"8"}}
{"logTime": "0227/184618", "correlationVector":"kNBTbZ/RwaBxOx0oFzr42S.3","action":"GetUpdates Response", "result":"Success", "context":Received 8 update(s). cV=kNBTbZ/RwaBxOx0oFzr42S.0;server=akswtt10200002f;cloudType=Consumer;environment=Prod_southindia_prod-s01-004-apac-southindia;migrationStage=NotStarted}
{"logTime": "0227/184618", "correlationVector":"JsNnb43ACgyRBcipTb3RC6","action":"Initial GetUpdates", "result":"", "context":Reason: NEWLY_SUPPORTED_DATATYPE. cV=JsNnb43ACgyRBcipTb3RC6}
{"logTime": "0227/184618", "correlationVector":"JsNnb43ACgyRBcipTb3RC6.1","action":"SyncServerConnectionManagerRequest", "result":"SYNC_SERVER_OK", "context":{"environment":"Prod_southindia_prod-s01-004-apac-southindia", "migrationStage":"NotStarted", "server":"akswtt10200003r"}}
{"logTime": "0227/184618", "correlationVector":"JsNnb43ACgyRBcipTb3RC6.2","action":"ProcessGetUpdates", "result":"Done", "context":{"dataType":"Autofill", "deleted":"0", "process_failed_to_decrypt":"0", "process_pending_decryption":"0", "process_success":"1", "total":"1"}}
{"logTime": "0227/184618", "correlationVector":"JsNnb43ACgyRBcipTb3RC6.3","action":"ProcessGetUpdates", "result":"Done", "context":{"dataType":"Sessions", "deleted":"240", "process_failed_to_decrypt":"0", "process_pending_decryption":"0", "process_success":"240", "total":"240"}}
{"logTime": "0227/184618", "correlationVector":"JsNnb43ACgyRBcipTb3RC6.4","action":"ProcessGetUpdates", "result":"Done", "context":{"dataType":"Web Apps", "deleted":"0", "process_failed_to_decrypt":"0", "process_pending_decryption":"0", "process_success":"1", "total":"1"}}
{"logTime": "0227/184618", "correlationVector":"JsNnb43ACgyRBcipTb3RC6.5","action":"ProcessGetUpdates", "result":"Done", "context":{"dataType":"Saved Tab Group", "deleted":"3", "process_failed_to_decrypt":"0", "process_pending_decryption":"0", "process_success":"3", "total":"3"}}
{"logTime": "0227/184618", "correlationVector":"JsNnb43ACgyRBcipTb3RC6.6","action":"ProcessGetUpdates", "result":"Done", "context":{"dataType":"Edge Hub App Usage", "deleted":"4", "process_failed_to_decrypt":"0", "process_pending_decryption":"0", "process_success":"5", "total":"5"}}
{"logTime": "0227/184618", "correlationVector":"JsNnb43ACgyRBcipTb3RC6.7","action":"GetUpdates Response", "result":"Success", "context":Received 250 update(s). cV=JsNnb43ACgyRBcipTb3RC6.0;server=akswtt10200003r;cloudType=Consumer;environment=Prod_southindia_prod-s01-004-apac-southindia;migrationStage=NotStarted Some updates remain.}
{"logTime": "0227/184618", "correlationVector":"WuclbDCoCVXLPLV42ZOUT/","action":"Initial GetUpdates", "result":"", "context":Reason: NEWLY_SUPPORTED_DATATYPE. cV=WuclbDCoCVXLPLV42ZOUT/}
{"logTime": "0227/184619", "correlationVector":"WuclbDCoCVXLPLV42ZOUT/.1","action":"SyncServerConnectionManagerRequest", "result":"SYNC_SERVER_OK", "context":{"environment":"Prod_southindia_prod-s01-004-apac-southindia", "migrationStage":"NotStarted", "server":"akswtt102000047"}}
{"logTime": "0227/184619", "correlationVector":"WuclbDCoCVXLPLV42ZOUT/.2","action":"ProcessGetUpdates", "result":"Done", "context":{"dataType":"Autofill Profiles", "deleted":"0", "process_failed_to_decrypt":"0", "process_pending_decryption":"0", "process_success":"13", "total":"13"}}
{"logTime": "0227/184619", "correlationVector":"WuclbDCoCVXLPLV42ZOUT/.3","action":"ProcessGetUpdates", "result":"Done", "context":{"dataType":"Autofill", "deleted":"0", "process_failed_to_decrypt":"0", "process_pending_decryption":"0", "process_success":"167", "total":"167"}}
{"logTime": "0227/184619", "correlationVector":"WuclbDCoCVXLPLV42ZOUT/.4","action":"ProcessGetUpdates", "result":"Done", "context":{"dataType":"Sessions", "deleted":"67", "process_failed_to_decrypt":"0", "process_pending_decryption":"0", "process_success":"67", "total":"67"}}
{"logTime": "0227/184619", "correlationVector":"WuclbDCoCVXLPLV42ZOUT/.5","action":"ProcessGetUpdates", "result":"Done", "context":{"dataType":"Web Apps", "deleted":"0", "process_failed_to_decrypt":"0", "process_pending_decryption":"0", "process_success":"1", "total":"1"}}
{"logTime": "0227/184619", "correlationVector":"WuclbDCoCVXLPLV42ZOUT/.6","action":"ProcessGetUpdates", "result":"Done", "context":{"dataType":"Edge Hub App Usage", "deleted":"1", "process_failed_to_decrypt":"0", "process_pending_decryption":"0", "process_success":"2", "total":"2"}}
{"logTime": "0227/184619", "correlationVector":"WuclbDCoCVXLPLV42ZOUT/.7","action":"GetUpdates Response", "result":"Success", "context":Received 250 update(s). cV=WuclbDCoCVXLPLV42ZOUT/.0;server=akswtt102000047;cloudType=Consumer;environment=Prod_southindia_prod-s01-004-apac-southindia;migrationStage=NotStarted Some updates remain.}
{"logTime": "0227/184619", "correlationVector":"NJf9W+yzS54X1v81/Tw3oM","action":"Initial GetUpdates", "result":"", "context":Reason: NEWLY_SUPPORTED_DATATYPE. cV=NJf9W+yzS54X1v81/Tw3oM}
{"logTime": "0227/184620", "correlationVector":"NJf9W+yzS54X1v81/Tw3oM.1","action":"SyncServerConnectionManagerRequest", "result":"SYNC_SERVER_OK", "context":{"environment":"Prod_southindia_prod-s01-004-apac-southindia", "migrationStage":"NotStarted", "server":"akswtt102000005"}}
{"logTime": "0227/184620", "correlationVector":"NJf9W+yzS54X1v81/Tw3oM.2","action":"ProcessGetUpdates", "result":"Done", "context":{"dataType":"Autofill Profiles", "deleted":"0", "process_failed_to_decrypt":"0", "process_pending_decryption":"0", "process_success":"1", "total":"1"}}
{"logTime": "0227/184620", "correlationVector":"NJf9W+yzS54X1v81/Tw3oM.3","action":"ProcessGetUpdates", "result":"Done", "context":{"dataType":"Autofill", "deleted":"0", "process_failed_to_decrypt":"0", "process_pending_decryption":"0", "process_success":"15", "total":"15"}}
{"logTime": "0227/184620", "correlationVector":"NJf9W+yzS54X1v81/Tw3oM.4","action":"ProcessGetUpdates", "result":"Done", "context":{"dataType":"Extensions", "deleted":"0", "process_failed_to_decrypt":"0", "process_pending_decryption":"0", "process_success":"1", "total":"1"}}
{"logTime": "0227/184620", "correlationVector":"NJf9W+yzS54X1v81/Tw3oM.5","action":"ProcessGetUpdates", "result":"Done", "context":{"dataType":"Sessions", "deleted":"232", "process_failed_to_decrypt":"0", "process_pending_decryption":"0", "process_success":"232", "total":"232"}}
{"logTime": "0227/184620", "correlationVector":"NJf9W+yzS54X1v81/Tw3oM.6","action":"ProcessGetUpdates", "result":"Done", "context":{"dataType":"Edge Hub App Usage", "deleted":"0", "process_failed_to_decrypt":"0", "process_pending_decryption":"0", "process_success":"1", "total":"1"}}
{"logTime": "0227/184620", "correlationVector":"NJf9W+yzS54X1v81/Tw3oM.7","action":"GetUpdates Response", "result":"Success", "context":Received 250 update(s). cV=NJf9W+yzS54X1v81/Tw3oM.0;server=akswtt102000005;cloudType=Consumer;environment=Prod_southindia_prod-s01-004-apac-southindia;migrationStage=NotStarted Some updates remain.}
{"logTime": "0227/184620", "correlationVector":"Mt8c3FaF+xUvArK7PanGF6","action":"Initial GetUpdates", "result":"", "context":Reason: NEWLY_SUPPORTED_DATATYPE. cV=Mt8c3FaF+xUvArK7PanGF6}
{"logTime": "0227/184620", "correlationVector":"Mt8c3FaF+xUvArK7PanGF6.1","action":"SyncServerConnectionManagerRequest", "result":"SYNC_SERVER_OK", "context":{"environment":"Prod_southindia_prod-s01-004-apac-southindia", "migrationStage":"NotStarted", "server":"akswtt10200002u"}}
{"logTime": "0227/184620", "correlationVector":"Mt8c3FaF+xUvArK7PanGF6.2","action":"ProcessGetUpdates", "result":"Done", "context":{"dataType":"Autofill Profiles", "deleted":"0", "process_failed_to_decrypt":"0", "process_pending_decryption":"0", "process_success":"3", "total":"3"}}
{"logTime": "0227/184620", "correlationVector":"Mt8c3FaF+xUvArK7PanGF6.3","action":"ProcessGetUpdates", "result":"Done", "context":{"dataType":"Autofill", "deleted":"0", "process_failed_to_decrypt":"0", "process_pending_decryption":"0", "process_success":"26", "total":"26"}}
{"logTime": "0227/184620", "correlationVector":"Mt8c3FaF+xUvArK7PanGF6.4","action":"ProcessGetUpdates", "result":"Done", "context":{"dataType":"Sessions", "deleted":"219", "process_failed_to_decrypt":"0", "process_pending_decryption":"0", "process_success":"220", "total":"220"}}
{"logTime": "0227/184620", "correlationVector":"Mt8c3FaF+xUvArK7PanGF6.5","action":"ProcessGetUpdates", "result":"Done", "context":{"dataType":"Edge Hub App Usage", "deleted":"1", "process_failed_to_decrypt":"0", "process_pending_decryption":"0", "process_success":"1", "total":"1"}}
{"logTime": "0227/184620", "correlationVector":"Mt8c3FaF+xUvArK7PanGF6.6","action":"GetUpdates Response", "result":"Success", "context":Received 250 update(s). cV=Mt8c3FaF+xUvArK7PanGF6.0;server=akswtt10200002u;cloudType=Consumer;environment=Prod_southindia_prod-s01-004-apac-southindia;migrationStage=NotStarted Some updates remain.}
{"logTime": "0227/184620", "correlationVector":"oMvOtd4iGg+5c3qoeDiay9","action":"Initial GetUpdates", "result":"", "context":Reason: NEWLY_SUPPORTED_DATATYPE. cV=oMvOtd4iGg+5c3qoeDiay9}
{"logTime": "0227/184620", "correlationVector":"oMvOtd4iGg+5c3qoeDiay9.1","action":"SyncServerConnectionManagerRequest", "result":"SYNC_SERVER_OK", "context":{"environment":"Prod_southindia_prod-s01-004-apac-southindia", "migrationStage":"NotStarted", "server":"akswtt10200004g"}}
{"logTime": "0227/184620", "correlationVector":"oMvOtd4iGg+5c3qoeDiay9.2","action":"ProcessGetUpdates", "result":"Done", "context":{"dataType":"Autofill Profiles", "deleted":"0", "process_failed_to_decrypt":"0", "process_pending_decryption":"0", "process_success":"1", "total":"1"}}
{"logTime": "0227/184620", "correlationVector":"oMvOtd4iGg+5c3qoeDiay9.3","action":"ProcessGetUpdates", "result":"Done", "context":{"dataType":"Autofill", "deleted":"0", "process_failed_to_decrypt":"0", "process_pending_decryption":"0", "process_success":"7", "total":"7"}}
{"logTime": "0227/184620", "correlationVector":"oMvOtd4iGg+5c3qoeDiay9.4","action":"ProcessGetUpdates", "result":"Done", "context":{"dataType":"Sessions", "deleted":"92", "process_failed_to_decrypt":"0", "process_pending_decryption":"0", "process_success":"97", "total":"97"}}
{"logTime": "0227/184620", "correlationVector":"oMvOtd4iGg+5c3qoeDiay9.5","action":"GetUpdates Response", "result":"Success", "context":Received 105 update(s). cV=oMvOtd4iGg+5c3qoeDiay9.0;server=akswtt10200004g;cloudType=Consumer;environment=Prod_southindia_prod-s01-004-apac-southindia;migrationStage=NotStarted}
{"logTime": "0227/184620", "correlationVector":"FV/qV5fhD7SfT9PcjuifMz","action":"Initial GetUpdates", "result":"", "context":Reason: NEWLY_SUPPORTED_DATATYPE. cV=FV/qV5fhD7SfT9PcjuifMz}
{"logTime": "0227/184621", "correlationVector":"FV/qV5fhD7SfT9PcjuifMz.1","action":"SyncServerConnectionManagerRequest", "result":"SYNC_SERVER_OK", "context":{"environment":"Prod_southindia_prod-s01-004-apac-southindia", "migrationStage":"NotStarted", "server":"akswtt10200002b"}}
{"logTime": "0227/184621", "correlationVector":"FV/qV5fhD7SfT9PcjuifMz.2","action":"ProcessGetUpdates", "result":"Done", "context":{"dataType":"History", "deleted":"0", "process_failed_to_decrypt":"0", "process_pending_decryption":"0", "process_success":"250", "total":"250"}}
{"logTime": "0227/184621", "correlationVector":"FV/qV5fhD7SfT9PcjuifMz.3","action":"GetUpdates Response", "result":"Success", "context":Received 250 update(s). cV=FV/qV5fhD7SfT9PcjuifMz.0;server=akswtt10200002b;cloudType=Consumer;environment=Prod_southindia_prod-s01-004-apac-southindia;migrationStage=NotStarted Some updates remain.}
{"logTime": "0227/184621", "correlationVector":"KsM71amHG2pJ7R0nON8sih","action":"Initial GetUpdates", "result":"", "context":Reason: NEWLY_SUPPORTED_DATATYPE. cV=KsM71amHG2pJ7R0nON8sih}
{"logTime": "0227/184621", "correlationVector":"KsM71amHG2pJ7R0nON8sih.1","action":"SyncServerConnectionManagerRequest", "result":"SYNC_SERVER_OK", "context":{"environment":"Prod_southindia_prod-s01-004-apac-southindia", "migrationStage":"NotStarted", "server":"akswtt10200003r"}}
{"logTime": "0227/184621", "correlationVector":"KsM71amHG2pJ7R0nON8sih.2","action":"ProcessGetUpdates", "result":"Done", "context":{"dataType":"History", "deleted":"0", "process_failed_to_decrypt":"0", "process_pending_decryption":"0", "process_success":"250", "total":"250"}}
{"logTime": "0227/184621", "correlationVector":"KsM71amHG2pJ7R0nON8sih.3","action":"GetUpdates Response", "result":"Success", "context":Received 250 update(s). cV=KsM71amHG2pJ7R0nON8sih.0;server=akswtt10200003r;cloudType=Consumer;environment=Prod_southindia_prod-s01-004-apac-southindia;migrationStage=NotStarted Some updates remain.}
{"logTime": "0227/184621", "correlationVector":"M2GhEOWvSRrl0Nn03ay5QP","action":"Initial GetUpdates", "result":"", "context":Reason: NEWLY_SUPPORTED_DATATYPE. cV=M2GhEOWvSRrl0Nn03ay5QP}
{"logTime": "0227/184621", "correlationVector":"M2GhEOWvSRrl0Nn03ay5QP.1","action":"SyncServerConnectionManagerRequest", "result":"SYNC_SERVER_OK", "context":{"environment":"Prod_southindia_prod-s01-004-apac-southindia", "migrationStage":"NotStarted", "server":"akswtt10200004e"}}
{"logTime": "0227/184621", "correlationVector":"M2GhEOWvSRrl0Nn03ay5QP.2","action":"ProcessGetUpdates", "result":"Done", "context":{"dataType":"History", "deleted":"0", "process_failed_to_decrypt":"0", "process_pending_decryption":"0", "process_success":"250", "total":"250"}}
{"logTime": "0227/184621", "correlationVector":"M2GhEOWvSRrl0Nn03ay5QP.3","action":"GetUpdates Response", "result":"Success", "context":Received 250 update(s). cV=M2GhEOWvSRrl0Nn03ay5QP.0;server=akswtt10200004e;cloudType=Consumer;environment=Prod_southindia_prod-s01-004-apac-southindia;migrationStage=NotStarted Some updates remain.}
{"logTime": "0227/184621", "correlationVector":"jsFpT9ALdiBMBiGrafOjxh","action":"Initial GetUpdates", "result":"", "context":Reason: NEWLY_SUPPORTED_DATATYPE. cV=jsFpT9ALdiBMBiGrafOjxh}
{"logTime": "0227/184622", "correlationVector":"jsFpT9ALdiBMBiGrafOjxh.1","action":"SyncServerConnectionManagerRequest", "result":"SYNC_SERVER_OK", "context":{"environment":"Prod_southindia_prod-s01-004-apac-southindia", "migrationStage":"NotStarted", "server":"akswtt102000039"}}
{"logTime": "0227/184622", "correlationVector":"jsFpT9ALdiBMBiGrafOjxh.2","action":"ProcessGetUpdates", "result":"Done", "context":{"dataType":"History", "deleted":"0", "process_failed_to_decrypt":"0", "process_pending_decryption":"0", "process_success":"250", "total":"250"}}
{"logTime": "0227/184622", "correlationVector":"jsFpT9ALdiBMBiGrafOjxh.3","action":"GetUpdates Response", "result":"Success", "context":Received 250 update(s). cV=jsFpT9ALdiBMBiGrafOjxh.0;server=akswtt102000039;cloudType=Consumer;environment=Prod_southindia_prod-s01-004-apac-southindia;migrationStage=NotStarted Some updates remain.}
{"logTime": "0227/184622", "correlationVector":"wBOORJXI/U5S6wUm0xqRSa","action":"Initial GetUpdates", "result":"", "context":Reason: NEWLY_SUPPORTED_DATATYPE. cV=wBOORJXI/U5S6wUm0xqRSa}
{"logTime": "0227/184622", "correlationVector":"wBOORJXI/U5S6wUm0xqRSa.1","action":"SyncServerConnectionManagerRequest", "result":"SYNC_SERVER_OK", "context":{"environment":"Prod_southindia_prod-s01-004-apac-southindia", "migrationStage":"NotStarted", "server":"akswtt10200004e"}}
{"logTime": "0227/184622", "correlationVector":"wBOORJXI/U5S6wUm0xqRSa.2","action":"ProcessGetUpdates", "result":"Done", "context":{"dataType":"History", "deleted":"0", "process_failed_to_decrypt":"0", "process_pending_decryption":"0", "process_success":"250", "total":"250"}}
{"logTime": "0227/184622", "correlationVector":"wBOORJXI/U5S6wUm0xqRSa.3","action":"GetUpdates Response", "result":"Success", "context":Received 250 update(s). cV=wBOORJXI/U5S6wUm0xqRSa.0;server=akswtt10200004e;cloudType=Consumer;environment=Prod_southindia_prod-s01-004-apac-southindia;migrationStage=NotStarted Some updates remain.}
{"logTime": "0227/184622", "correlationVector":"30AZHdMVI6bGKs0tdv4GjO","action":"Initial GetUpdates", "result":"", "context":Reason: NEWLY_SUPPORTED_DATATYPE. cV=30AZHdMVI6bGKs0tdv4GjO}
{"logTime": "0227/184623", "correlationVector":"30AZHdMVI6bGKs0tdv4GjO.1","action":"SyncServerConnectionManagerRequest", "result":"SYNC_SERVER_OK", "context":{"environment":"Prod_southindia_prod-s01-004-apac-southindia", "migrationStage":"NotStarted", "server":"akswtt10200004e"}}
{"logTime": "0227/184623", "correlationVector":"30AZHdMVI6bGKs0tdv4GjO.2","action":"ProcessGetUpdates", "result":"Done", "context":{"dataType":"History", "deleted":"0", "process_failed_to_decrypt":"0", "process_pending_decryption":"0", "process_success":"250", "total":"250"}}
{"logTime": "0227/184623", "correlationVector":"30AZHdMVI6bGKs0tdv4GjO.3","action":"GetUpdates Response", "result":"Success", "context":Received 250 update(s). cV=30AZHdMVI6bGKs0tdv4GjO.0;server=akswtt10200004e;cloudType=Consumer;environment=Prod_southindia_prod-s01-004-apac-southindia;migrationStage=NotStarted Some updates remain.}
{"logTime": "0227/184623", "correlationVector":"Z4wErsizhYPySsXn5GmxnB","action":"Initial GetUpdates", "result":"", "context":Reason: NEWLY_SUPPORTED_DATATYPE. cV=Z4wErsizhYPySsXn5GmxnB}
{"logTime": "0227/184623", "correlationVector":"Z4wErsizhYPySsXn5GmxnB.1","action":"SyncServerConnectionManagerRequest", "result":"SYNC_SERVER_OK", "context":{"environment":"Prod_southindia_prod-s01-004-apac-southindia", "migrationStage":"NotStarted", "server":"akswtt102000039"}}
{"logTime": "0227/184623", "correlationVector":"Z4wErsizhYPySsXn5GmxnB.2","action":"ProcessGetUpdates", "result":"Done", "context":{"dataType":"History", "deleted":"0", "process_failed_to_decrypt":"0", "process_pending_decryption":"0", "process_success":"250", "total":"250"}}
{"logTime": "0227/184623", "correlationVector":"Z4wErsizhYPySsXn5GmxnB.3","action":"GetUpdates Response", "result":"Success", "context":Received 250 update(s). cV=Z4wErsizhYPySsXn5GmxnB.0;server=akswtt102000039;cloudType=Consumer;environment=Prod_southindia_prod-s01-004-apac-southindia;migrationStage=NotStarted Some updates remain.}
{"logTime": "0227/184623", "correlationVector":"1LLea5QOVpuXUzXxvIcSeq","action":"Initial GetUpdates", "result":"", "context":Reason: NEWLY_SUPPORTED_DATATYPE. cV=1LLea5QOVpuXUzXxvIcSeq}
{"logTime": "0227/184624", "correlationVector":"1LLea5QOVpuXUzXxvIcSeq.1","action":"SyncServerConnectionManagerRequest", "result":"SYNC_SERVER_OK", "context":{"environment":"Prod_southindia_prod-s01-004-apac-southindia", "migrationStage":"NotStarted", "server":"akswtt10200004e"}}
{"logTime": "0227/184624", "correlationVector":"1LLea5QOVpuXUzXxvIcSeq.2","action":"ProcessGetUpdates", "result":"Done", "context":{"dataType":"History", "deleted":"0", "process_failed_to_decrypt":"0", "process_pending_decryption":"0", "process_success":"250", "total":"250"}}
{"logTime": "0227/184624", "correlationVector":"1LLea5QOVpuXUzXxvIcSeq.3","action":"GetUpdates Response", "result":"Success", "context":Received 250 update(s). cV=1LLea5QOVpuXUzXxvIcSeq.0;server=akswtt10200004e;cloudType=Consumer;environment=Prod_southindia_prod-s01-004-apac-southindia;migrationStage=NotStarted Some updates remain.}
{"logTime": "0227/184624", "correlationVector":"BjhSKEoWImzsNBI/1TTTGi","action":"Initial GetUpdates", "result":"", "context":Reason: NEWLY_SUPPORTED_DATATYPE. cV=BjhSKEoWImzsNBI/1TTTGi}
{"logTime": "0227/184624", "correlationVector":"BjhSKEoWImzsNBI/1TTTGi.1","action":"SyncServerConnectionManagerRequest", "result":"SYNC_SERVER_OK", "context":{"environment":"Prod_southindia_prod-s01-004-apac-southindia", "migrationStage":"NotStarted", "server":"akswtt10200002f"}}
{"logTime": "0227/184624", "correlationVector":"BjhSKEoWImzsNBI/1TTTGi.2","action":"ProcessGetUpdates", "result":"Done", "context":{"dataType":"History", "deleted":"0", "process_failed_to_decrypt":"0", "process_pending_decryption":"0", "process_success":"250", "total":"250"}}
{"logTime": "0227/184624", "correlationVector":"BjhSKEoWImzsNBI/1TTTGi.3","action":"GetUpdates Response", "result":"Success", "context":Received 250 update(s). cV=BjhSKEoWImzsNBI/1TTTGi.0;server=akswtt10200002f;cloudType=Consumer;environment=Prod_southindia_prod-s01-004-apac-southindia;migrationStage=NotStarted Some updates remain.}
{"logTime": "0227/184624", "correlationVector":"SZLq0zjH/HlbJt2GzWgm/o","action":"Initial GetUpdates", "result":"", "context":Reason: NEWLY_SUPPORTED_DATATYPE. cV=SZLq0zjH/HlbJt2GzWgm/o}
{"logTime": "0227/184624", "correlationVector":"SZLq0zjH/HlbJt2GzWgm/o.1","action":"SyncServerConnectionManagerRequest", "result":"SYNC_SERVER_OK", "context":{"environment":"Prod_southindia_prod-s01-004-apac-southindia", "migrationStage":"NotStarted", "server":"akswtt10200002u"}}
{"logTime": "0227/184624", "correlationVector":"SZLq0zjH/HlbJt2GzWgm/o.2","action":"ProcessGetUpdates", "result":"Done", "context":{"dataType":"History", "deleted":"0", "process_failed_to_decrypt":"0", "process_pending_decryption":"0", "process_success":"250", "total":"250"}}
{"logTime": "0227/184624", "correlationVector":"SZLq0zjH/HlbJt2GzWgm/o.3","action":"GetUpdates Response", "result":"Success", "context":Received 250 update(s). cV=SZLq0zjH/HlbJt2GzWgm/o.0;server=akswtt10200002u;cloudType=Consumer;environment=Prod_southindia_prod-s01-004-apac-southindia;migrationStage=NotStarted Some updates remain.}
{"logTime": "0227/184624", "correlationVector":"ZlXM1FaHPdtm93G2DxraVq","action":"Initial GetUpdates", "result":"", "context":Reason: NEWLY_SUPPORTED_DATATYPE. cV=ZlXM1FaHPdtm93G2DxraVq}
{"logTime": "0227/184624", "correlationVector":"ZlXM1FaHPdtm93G2DxraVq.1","action":"SyncServerConnectionManagerRequest", "result":"SYNC_SERVER_OK", "context":{"environment":"Prod_southindia_prod-s01-004-apac-southindia", "migrationStage":"NotStarted", "server":"akswtt10200003y"}}
{"logTime": "0227/184624", "correlationVector":"ZlXM1FaHPdtm93G2DxraVq.2","action":"ProcessGetUpdates", "result":"Done", "context":{"dataType":"History", "deleted":"0", "process_failed_to_decrypt":"0", "process_pending_decryption":"0", "process_success":"174", "total":"174"}}
{"logTime": "0227/184624", "correlationVector":"ZlXM1FaHPdtm93G2DxraVq.3","action":"GetUpdates Response", "result":"Success", "context":Received 174 update(s). cV=ZlXM1FaHPdtm93G2DxraVq.0;server=akswtt10200003y;cloudType=Consumer;environment=Prod_southindia_prod-s01-004-apac-southindia;migrationStage=NotStarted}
{"logTime": "0227/184625", "correlationVector":"tg2I5GG6RqCGpDj8aslf83","action":"Normal GetUpdate request", "result":"", "context":cV=tg2I5GG6RqCGpDj8aslf83
Nudged types: Sessions, Device Info, User Consents, History
Refresh requested types: Bookmarks, Preferences, Passwords, Autofill Profiles, Autofill, Extensions, Sessions, Extension settings, History Delete Directives, Device Info, User Consents, Send Tab To Self, Web Apps, History, Saved Tab Group, WebAuthn Credentials, Collection, Edge E Drop, Edge Hub App Usage, Edge Wallet, Edge Workspace, Encryption Keys}
{"logTime": "0227/184625", "correlationVector":"tg2I5GG6RqCGpDj8aslf83.1","action":"SyncServerConnectionManagerRequest", "result":"SYNC_SERVER_OK", "context":{"environment":"Prod_southindia_prod-s01-004-apac-southindia", "migrationStage":"NotStarted", "server":"akswtt10200004e"}}
{"logTime": "0227/184625", "correlationVector":"tg2I5GG6RqCGpDj8aslf83.2","action":"GetUpdates Response", "result":"Success", "context":Received 0 update(s). cV=tg2I5GG6RqCGpDj8aslf83.0;server=akswtt10200004e;cloudType=Consumer;environment=Prod_southindia_prod-s01-004-apac-southindia;migrationStage=NotStarted}
{"logTime": "0227/184625", "correlationVector":"FDHvIMZIieFl9XeLwSAZy7","action":"Commit Request", "result":"", "context":Item count: 6
Contributing types: Sessions, Device Info, User Consents, History}
{"logTime": "0227/184625", "correlationVector":"FDHvIMZIieFl9XeLwSAZy7.1","action":"SyncServerConnectionManagerRequest", "result":"SYNC_SERVER_OK", "context":{"environment":"Prod_southindia_prod-s01-004-apac-southindia", "migrationStage":"NotStarted", "server":"akswtt10200003r"}}
{"logTime": "0227/184625", "correlationVector":"FDHvIMZIieFl9XeLwSAZy7.2","action":"Commit Response", "result":"Success", "context":Result: Success. cV=FDHvIMZIieFl9XeLwSAZy7.0;server=akswtt10200003r;cloudType=Consumer;environment=Prod_southindia_prod-s01-004-apac-southindia;migrationStage=NotStarted}
{"logTime": "0227/184712", "correlationVector":"J20d8HnkbKALRKkrcPjTRN","action":"Commit Request", "result":"", "context":Item count: 17
Contributing types: Passwords, Sessions, History}
{"logTime": "0227/184713", "correlationVector":"J20d8HnkbKALRKkrcPjTRN.1","action":"SyncServerConnectionManagerRequest", "result":"SYNC_SERVER_OK", "context":{"environment":"Prod_southindia_prod-s01-004-apac-southindia", "migrationStage":"NotStarted", "server":"akswtt10200002l"}}
{"logTime": "0227/184713", "correlationVector":"J20d8HnkbKALRKkrcPjTRN.2","action":"Commit Response", "result":"Success", "context":Result: Success. cV=J20d8HnkbKALRKkrcPjTRN.0;server=akswtt10200002l;cloudType=Consumer;environment=Prod_southindia_prod-s01-004-apac-southindia;migrationStage=NotStarted}
{"logTime": "0227/184819", "correlationVector":"4Zk8baCyg/iDVZIP2gbjqN","action":"Commit Request", "result":"", "context":Item count: 1
Contributing types: History}
{"logTime": "0227/184819", "correlationVector":"4Zk8baCyg/iDVZIP2gbjqN.1","action":"SyncServerConnectionManagerRequest", "result":"SYNC_SERVER_OK", "context":{"environment":"Prod_southindia_prod-s01-004-apac-southindia", "migrationStage":"NotStarted", "server":"akswtt10200003y"}}
{"logTime": "0227/184819", "correlationVector":"4Zk8baCyg/iDVZIP2gbjqN.2","action":"Commit Response", "result":"Success", "context":Result: Success. cV=4Zk8baCyg/iDVZIP2gbjqN.0;server=akswtt10200003y;cloudType=Consumer;environment=Prod_southindia_prod-s01-004-apac-southindia;migrationStage=NotStarted}
{"logTime": "0227/185013", "correlationVector":"EIKFmjUgUV7i4rmiahqerJ","action":"Commit Request", "result":"", "context":Item count: 1
Contributing types: Sessions}
{"logTime": "0227/185013", "correlationVector":"EIKFmjUgUV7i4rmiahqerJ.1","action":"SyncServerConnectionManagerRequest", "result":"SYNC_SERVER_OK", "context":{"environment":"Prod_southindia_prod-s01-004-apac-southindia", "migrationStage":"NotStarted", "server":"akswtt10200003x"}}
{"logTime": "0227/185013", "correlationVector":"EIKFmjUgUV7i4rmiahqerJ.2","action":"Commit Response", "result":"Success", "context":Result: Success. cV=EIKFmjUgUV7i4rmiahqerJ.0;server=akswtt10200003x;cloudType=Consumer;environment=Prod_southindia_prod-s01-004-apac-southindia;migrationStage=NotStarted}
{"logTime": "0227/185519", "correlationVector":"tN8zgxhsKfFE8cMj4jxp4V","action":"Commit Request", "result":"", "context":Item count: 4
Contributing types: Preferences, Sessions, History}
{"logTime": "0227/185519", "correlationVector":"tN8zgxhsKfFE8cMj4jxp4V.1","action":"SyncServerConnectionManagerRequest", "result":"SYNC_SERVER_OK", "context":{"environment":"Prod_southindia_prod-s01-004-apac-southindia", "migrationStage":"NotStarted", "server":"akswtt10200002k"}}
{"logTime": "0227/185519", "correlationVector":"tN8zgxhsKfFE8cMj4jxp4V.2","action":"Commit Response", "result":"Success", "context":Result: Success. cV=tN8zgxhsKfFE8cMj4jxp4V.0;server=akswtt10200002k;cloudType=Consumer;environment=Prod_southindia_prod-s01-004-apac-southindia;migrationStage=NotStarted}
{"logTime": "0227/185611", "correlationVector":"RaavjW5JGGifjyOKrsI6BJ","action":"Normal GetUpdate request", "result":"", "context":cV=RaavjW5JGGifjyOKrsI6BJ
Nudged types: Sessions, History
Notified types: Preferences}
{"logTime": "0227/185611", "correlationVector":"RaavjW5JGGifjyOKrsI6BJ.1","action":"SyncServerConnectionManagerRequest", "result":"SYNC_SERVER_OK", "context":{"environment":"Prod_southindia_prod-s01-004-apac-southindia", "migrationStage":"NotStarted", "server":"akswtt10200003t"}}
{"logTime": "0227/185611", "correlationVector":"RaavjW5JGGifjyOKrsI6BJ.2","action":"ProcessGetUpdates", "result":"Done", "context":{"dataType":"Preferences", "deleted":"0", "process_failed_to_decrypt":"0", "process_pending_decryption":"0", "process_success":"2", "total":"2"}}
{"logTime": "0227/185611", "correlationVector":"RaavjW5JGGifjyOKrsI6BJ.3","action":"ProcessGetUpdates", "result":"Done", "context":{"dataType":"Passwords", "deleted":"0", "process_failed_to_decrypt":"0", "process_pending_decryption":"0", "process_success":"11", "total":"11"}}
{"logTime": "0227/185611", "correlationVector":"RaavjW5JGGifjyOKrsI6BJ.4","action":"ProcessGetUpdates", "result":"Done", "context":{"dataType":"Sessions", "deleted":"0", "process_failed_to_decrypt":"0", "process_pending_decryption":"0", "process_success":"3", "total":"3"}}
{"logTime": "0227/185611", "correlationVector":"RaavjW5JGGifjyOKrsI6BJ.5","action":"ProcessGetUpdates", "result":"Done", "context":{"dataType":"Device Info", "deleted":"0", "process_failed_to_decrypt":"0", "process_pending_decryption":"0", "process_success":"1", "total":"1"}}
{"logTime": "0227/185611", "correlationVector":"RaavjW5JGGifjyOKrsI6BJ.6","action":"ProcessGetUpdates", "result":"Done", "context":{"dataType":"History", "deleted":"0", "process_failed_to_decrypt":"0", "process_pending_decryption":"0", "process_success":"4", "total":"4"}}
{"logTime": "0227/185611", "correlationVector":"RaavjW5JGGifjyOKrsI6BJ.7","action":"GetUpdates Response", "result":"Success", "context":Received 21 update(s). cV=RaavjW5JGGifjyOKrsI6BJ.0;server=akswtt10200003t;cloudType=Consumer;environment=Prod_southindia_prod-s01-004-apac-southindia;migrationStage=NotStarted}
{"logTime": "0227/185611", "correlationVector":"skERmYwQelPGSC7WIwvWKi","action":"DoCompareDataConsistency: ", "result":"has local changes and skip compare"}
{"logTime": "0227/185611", "correlationVector":"FKYfgnWR7ORwahCXQHQ1Zx","action":"Commit Request", "result":"", "context":Item count: 3
Contributing types: Sessions, History}
{"logTime": "0227/185612", "correlationVector":"FKYfgnWR7ORwahCXQHQ1Zx.1","action":"SyncServerConnectionManagerRequest", "result":"SYNC_SERVER_OK", "context":{"environment":"Prod_southindia_prod-s01-004-apac-southindia", "migrationStage":"NotStarted", "server":"akswtt10200004e"}}
{"logTime": "0227/185612", "correlationVector":"FKYfgnWR7ORwahCXQHQ1Zx.2","action":"Commit Response", "result":"Success", "context":Result: Success. cV=FKYfgnWR7ORwahCXQHQ1Zx.0;server=akswtt10200004e;cloudType=Consumer;environment=Prod_southindia_prod-s01-004-apac-southindia;migrationStage=NotStarted}
{"logTime": "0227/185712", "correlationVector":"P6/hNOH7w5UCUUxAPgnOTM","action":"Commit Request", "result":"", "context":Item count: 1
Contributing types: Sessions}
{"logTime": "0227/185712", "correlationVector":"P6/hNOH7w5UCUUxAPgnOTM.1","action":"SyncServerConnectionManagerRequest", "result":"SYNC_SERVER_OK", "context":{"environment":"Prod_southindia_prod-s01-004-apac-southindia", "migrationStage":"NotStarted", "server":"akswtt102000042"}}
{"logTime": "0227/185712", "correlationVector":"P6/hNOH7w5UCUUxAPgnOTM.2","action":"Commit Response", "result":"Success", "context":Result: Success. cV=P6/hNOH7w5UCUUxAPgnOTM.0;server=akswtt102000042;cloudType=Consumer;environment=Prod_southindia_prod-s01-004-apac-southindia;migrationStage=NotStarted}
{"logTime": "0227/190021", "correlationVector":"DPXyJWoufw/FqSXiaNxUiy","action":"Commit Request", "result":"", "context":Item count: 3
Contributing types: Sessions, History}
{"logTime": "0227/190022", "correlationVector":"DPXyJWoufw/FqSXiaNxUiy.1","action":"SyncServerConnectionManagerRequest", "result":"SYNC_SERVER_OK", "context":{"environment":"Prod_southindia_prod-s01-004-apac-southindia", "migrationStage":"NotStarted", "server":"akswtt10200002i"}}
{"logTime": "0227/190022", "correlationVector":"DPXyJWoufw/FqSXiaNxUiy.2","action":"Commit Response", "result":"Success", "context":Result: Success. cV=DPXyJWoufw/FqSXiaNxUiy.0;server=akswtt10200002i;cloudType=Consumer;environment=Prod_southindia_prod-s01-004-apac-southindia;migrationStage=NotStarted}
{"logTime": "0227/190150", "correlationVector":"qSmavSKTWzcyjVgOFVH7ml","action":"Commit Request", "result":"", "context":Item count: 3
Contributing types: Sessions, History}
{"logTime": "0227/190150", "correlationVector":"qSmavSKTWzcyjVgOFVH7ml.1","action":"SyncServerConnectionManagerRequest", "result":"SYNC_SERVER_OK", "context":{"environment":"Prod_southindia_prod-s01-004-apac-southindia", "migrationStage":"NotStarted", "server":"akswtt10200002k"}}
{"logTime": "0227/190150", "correlationVector":"qSmavSKTWzcyjVgOFVH7ml.2","action":"Commit Response", "result":"Success", "context":Result: Success. cV=qSmavSKTWzcyjVgOFVH7ml.0;server=akswtt10200002k;cloudType=Consumer;environment=Prod_southindia_prod-s01-004-apac-southindia;migrationStage=NotStarted}
